INFO: [VRFC 10-2263] Analyzing SystemVerilog file "/home/hong/workspace_m10/single_carrier_modem/single_carrier_modem.srcs/sources_1/new/axis_downsample_pick.sv" into library xil_defaultlib
INFO: [VRFC 10-311] analyzing module axis_downsample_pick
INFO: [VRFC 10-2263] Analyzing SystemVerilog file "/home/hong/workspace_m10/single_carrier_modem/single_carrier_modem.srcs/sources_1/new/axis_upsample_zeros.sv" into library xil_defaultlib
INFO: [VRFC 10-311] analyzing module axis_upsample_zeros
INFO: [VRFC 10-2263] Analyzing SystemVerilog file "/home/hong/workspace_m10/single_carrier_modem/single_carrier_modem.srcs/sources_1/new/frame_builder.sv" into library xil_defaultlib
INFO: [VRFC 10-311] analyzing module frame_builder
INFO: [VRFC 10-2263] Analyzing SystemVerilog file "/home/hong/workspace_m10/single_carrier_modem/single_carrier_modem.srcs/sources_1/new/frame_sync_detector.sv" into library xil_defaultlib
INFO: [VRFC 10-311] analyzing module frame_sync_detector
INFO: [VRFC 10-2263] Analyzing SystemVerilog file "/home/hong/workspace_m10/single_carrier_modem/single_carrier_modem.srcs/sources_1/new/preamble_correlator.sv" into library xil_defaultlib
INFO: [VRFC 10-311] analyzing module preamble_correlator
INFO: [VRFC 10-2263] Analyzing SystemVerilog file "/home/hong/workspace_m10/single_carrier_modem/single_carrier_modem.srcs/sources_1/new/qpsk_frame_sync_top.sv" into library xil_defaultlib
INFO: [VRFC 10-311] analyzing module qpsk_frame_sync_top
INFO: [VRFC 10-2263] Analyzing SystemVerilog file "/home/hong/workspace_m10/single_carrier_modem/single_carrier_modem.srcs/sim_1/new/tb_qpsk_frame_sync_top.sv" into library xil_defaultlib
INFO: [VRFC 10-311] analyzing module tb_qpsk_frame_sync_top
WARNING: [VRFC 10-3824] variable 'num_payload' must explicitly be declared as automatic or static [/home/hong/workspace_m10/single_carrier_modem/single_carrier_modem.srcs/sim_1/new/tb_qpsk_frame_sync_top.sv:231]
INFO: [VRFC 10-2263] Analyzing Verilog file "/home/hong/workspace_m10/single_carrier_modem/single_carrier_modem.sim/sim_1/behav/xsim/glbl.v" into library xil_defaultlib
INFO: [VRFC 10-311] analyzing module glbl
INFO: [VRFC 10-163] Analyzing VHDL file "/home/hong/workspace_m10/single_carrier_modem/single_carrier_modem.gen/sources_1/ip/fir_rrc_rx/sim/fir_rrc_rx.vhd" into library xil_defaultlib
INFO: [VRFC 10-3107] analyzing entity 'fir_rrc_rx'
INFO: [VRFC 10-163] Analyzing VHDL file "/home/hong/workspace_m10/single_carrier_modem/single_carrier_modem.gen/sources_1/ip/fir_rrc/sim/fir_rrc.vhd" into library xil_defaultlib
INFO: [VRFC 10-3107] analyzing entity 'fir_rrc'
