Vivado Simulator v2024.2.1
Copyright 1986-2022 Xilinx, Inc. All Rights Reserved.
Copyright 2022-2024 Advanced Micro Devices, Inc. All Rights Reserved.
Running: /home/hong/tools/Xilinx/Vivado/2024.2/bin/unwrapped/lnx64.o/xelab --incr --debug typical --relax --mt 8 -L xil_defaultlib -L xbip_utils_v3_0_14 -L axi_utils_v2_0_10 -L fir_compiler_v7_2_23 -L uvm -L unisims_ver -L unimacro_ver -L secureip -L xpm --snapshot tb_qpsk_frame_sync_top_behav xil_defaultlib.tb_qpsk_frame_sync_top xil_defaultlib.glbl -log elaborate.log 
Using 8 slave threads.
Starting static elaboration
Pass Through NonSizing Optimizer
WARNING: [VRFC 10-3823] variable 'rx_dn_ready' might have multiple concurrent drivers [/home/hong/workspace_m10/single_carrier_modem/single_carrier_modem.srcs/sources_1/new/qpsk_frame_sync_top.sv:246]
Completed static elaboration
Starting simulation data flow analysis
Completed simulation data flow analysis
Time Resolution for simulation is 1ps
Compiling package std.standard
Compiling package std.textio
Compiling package ieee.std_logic_1164
Compiling package ieee.numeric_std
Compiling package xbip_utils_v3_0_14.xbip_utils_v3_0_14_pkg
Compiling package fir_compiler_v7_2_23.fir_compiler_v7_2_23_viv_comp
Compiling package ieee.std_logic_textio
Compiling package fir_compiler_v7_2_23.globals_pkg
Compiling package fir_compiler_v7_2_23.components
Compiling package ieee.math_real
Compiling package axi_utils_v2_0_10.global_util_pkg
Compiling package axi_utils_v2_0_10.axi_utils_comps
Compiling package unisim.vcomponents
Compiling package ieee.std_logic_arith
Compiling package ieee.std_logic_signed
Compiling package ieee.vital_timing
Compiling package ieee.vital_primitives
Compiling package unisim.vpkg
Compiling module xil_defaultlib.frame_builder
Compiling module xil_defaultlib.axis_upsample_zeros
Compiling architecture xilinx of entity axi_utils_v2_0_10.glb_srl_fifo [\glb_srl_fifo(width=16,has_ifx=t...]
Compiling architecture xilinx of entity axi_utils_v2_0_10.glb_ifx_slave [\glb_ifx_slave(width=16,has_ifx=...]
Compiling architecture synth of entity fir_compiler_v7_2_23.delay [\delay(c_delay_len=1,c_xdevicefa...]
Compiling architecture synth of entity fir_compiler_v7_2_23.delay [\delay(c_delay_len=0,c_xdevicefa...]
Compiling architecture synth of entity fir_compiler_v7_2_23.delay [\delay(c_delay_len=2,c_xdevicefa...]
Compiling architecture synth of entity fir_compiler_v7_2_23.delay [\delay(c_delay_len=1,c_xdevicefa...]
Compiling architecture synth of entity fir_compiler_v7_2_23.delay [\delay(c_delay_len=4,c_xdevicefa...]
Compiling architecture synth of entity fir_compiler_v7_2_23.delay [\delay(c_delay_len=3,c_xdevicefa...]
Compiling architecture synth of entity fir_compiler_v7_2_23.sp_mem [\sp_mem(c_xdevicefamily="zynq",c...]
Compiling architecture synth of entity fir_compiler_v7_2_23.filt_mem [\filt_mem(c_xdevicefamily="zynq"...]
Compiling architecture synth of entity fir_compiler_v7_2_23.sp_mem [\sp_mem(c_xdevicefamily="zynq",c...]
Compiling architecture synth of entity fir_compiler_v7_2_23.filt_mem [\filt_mem(c_xdevicefamily="zynq"...]
Compiling architecture synth of entity fir_compiler_v7_2_23.cntrl_delay [\cntrl_delay(c_delay_len=0,c_mem...]
Compiling architecture synth of entity fir_compiler_v7_2_23.delay [\delay(c_delay_len=2,c_xdevicefa...]
Compiling architecture synth of entity fir_compiler_v7_2_23.buff [\buff(c_xdevicefamily="zynq",c_d...]
Compiling architecture synth of entity fir_compiler_v7_2_23.delay [\delay(c_delay_len=0,c_xdevicefa...]
Compiling architecture synth of entity fir_compiler_v7_2_23.delay [\delay(c_delay_len=0,c_xdevicefa...]
Compiling architecture dsp48e1_v of entity unisim.DSP48E1 [\DSP48E1(mask="11111111111111111...]
Compiling architecture synth of entity fir_compiler_v7_2_23.calc [\calc(c_xdevicefamily="zynq",c_p...]
Compiling architecture synth of entity fir_compiler_v7_2_23.addsub_mult_accum [\addsub_mult_accum(c_xdevicefami...]
Compiling architecture synth of entity fir_compiler_v7_2_23.delay [\delay(c_delay_len=0,c_xdevicefa...]
Compiling architecture synth of entity fir_compiler_v7_2_23.delay [\delay(c_delay_len=0,c_xdevicefa...]
Compiling architecture synth of entity fir_compiler_v7_2_23.delay [\delay(c_delay_len=1,c_xdevicefa...]
Compiling architecture synth of entity fir_compiler_v7_2_23.delay [\delay(c_delay_len=3,c_xdevicefa...]
Compiling architecture synth of entity fir_compiler_v7_2_23.delay [\delay(c_delay_len=0,c_xdevicefa...]
Compiling architecture synth of entity fir_compiler_v7_2_23.delay [\delay(c_delay_len=4,c_xdevicefa...]
Compiling architecture synth of entity fir_compiler_v7_2_23.delay [\delay(c_delay_len=7,c_xdevicefa...]
Compiling architecture xilinx of entity axi_utils_v2_0_10.glb_srl_fifo [\glb_srl_fifo(width=34,has_uvpro...]
Compiling architecture xilinx of entity axi_utils_v2_0_10.glb_ifx_master [\glb_ifx_master(width=34)\]
Compiling architecture synth of entity fir_compiler_v7_2_23.single_rate [\single_rate(c_xdevicefamily="zy...]
Compiling architecture synth of entity fir_compiler_v7_2_23.fir_compiler_v7_2_23_viv [\fir_compiler_v7_2_23_viv(c_xdev...]
Compiling architecture xilinx of entity fir_compiler_v7_2_23.fir_compiler_v7_2_23 [\fir_compiler_v7_2_23(c_xdevicef...]
Compiling architecture fir_rrc_arch of entity xil_defaultlib.fir_rrc [fir_rrc_default]
Compiling architecture xilinx of entity axi_utils_v2_0_10.glb_srl_fifo [\glb_srl_fifo(width=34,has_ifx=t...]
Compiling architecture xilinx of entity axi_utils_v2_0_10.glb_ifx_slave [\glb_ifx_slave(width=34,has_ifx=...]
Compiling architecture synth of entity fir_compiler_v7_2_23.sp_mem [\sp_mem(c_xdevicefamily="zynq",c...]
Compiling architecture synth of entity fir_compiler_v7_2_23.filt_mem [\filt_mem(c_xdevicefamily="zynq"...]
Compiling architecture synth of entity fir_compiler_v7_2_23.filt_mem [\filt_mem(c_xdevicefamily="zynq"...]
Compiling architecture synth of entity fir_compiler_v7_2_23.delay [\delay(c_delay_len=2,c_xdevicefa...]
Compiling architecture synth of entity fir_compiler_v7_2_23.buff [\buff(c_xdevicefamily="zynq",c_d...]
Compiling architecture synth of entity fir_compiler_v7_2_23.delay [\delay(c_delay_len=0,c_xdevicefa...]
Compiling architecture synth of entity fir_compiler_v7_2_23.delay [\delay(c_delay_len=0,c_xdevicefa...]
Compiling architecture synth of entity fir_compiler_v7_2_23.calc [\calc(c_xdevicefamily="zynq",c_p...]
Compiling architecture synth of entity fir_compiler_v7_2_23.addsub_mult_accum [\addsub_mult_accum(c_xdevicefami...]
Compiling architecture synth of entity fir_compiler_v7_2_23.calc [\calc(c_xdevicefamily="zynq",c_p...]
Compiling architecture synth of entity fir_compiler_v7_2_23.addsub_mult_accum [\addsub_mult_accum(c_xdevicefami...]
Compiling architecture synth of entity fir_compiler_v7_2_23.delay [\delay(c_delay_len=0,c_xdevicefa...]
Compiling architecture synth of entity fir_compiler_v7_2_23.delay [\delay(c_delay_len=9,c_xdevicefa...]
Compiling architecture synth of entity fir_compiler_v7_2_23.delay [\delay(c_delay_len=0,c_xdevicefa...]
Compiling architecture synth of entity fir_compiler_v7_2_23.delay [\delay(c_delay_len=0,c_xdevicefa...]
Compiling architecture dsp48e1_v of entity unisim.DSP48E1 [\DSP48E1(inmodereg=0,mask="11111...]
Compiling architecture synth of entity fir_compiler_v7_2_23.delay [\delay(c_delay_len=0,c_xdevicefa...]
Compiling architecture synth of entity fir_compiler_v7_2_23.delay [\delay(c_delay_len=0,c_xdevicefa...]
Compiling architecture synth of entity fir_compiler_v7_2_23.calc [\calc(c_xdevicefamily="zynq",c_p...]
Compiling architecture synth of entity fir_compiler_v7_2_23.add_accum [\add_accum(c_xdevicefamily="zynq...]
Compiling architecture synth of entity fir_compiler_v7_2_23.delay [\delay(c_delay_len=2,c_xdevicefa...]
Compiling architecture synth of entity fir_compiler_v7_2_23.delay [\delay(c_delay_len=2,c_xdevicefa...]
Compiling architecture synth of entity fir_compiler_v7_2_23.ext_mult [\ext_mult(c_xdevicefamily="zynq"...]
Compiling architecture xilinx of entity axi_utils_v2_0_10.glb_srl_fifo [\glb_srl_fifo(width=52,has_uvpro...]
Compiling architecture xilinx of entity axi_utils_v2_0_10.glb_ifx_master [\glb_ifx_master(width=52)\]
Compiling architecture synth of entity fir_compiler_v7_2_23.single_rate [\single_rate(c_xdevicefamily="zy...]
Compiling architecture synth of entity fir_compiler_v7_2_23.fir_compiler_v7_2_23_viv [\fir_compiler_v7_2_23_viv(c_xdev...]
Compiling architecture xilinx of entity fir_compiler_v7_2_23.fir_compiler_v7_2_23 [\fir_compiler_v7_2_23(c_xdevicef...]
Compiling architecture fir_rrc_rx_arch of entity xil_defaultlib.fir_rrc_rx [fir_rrc_rx_default]
Compiling module xil_defaultlib.axis_downsample_pick(OFFSET=0)
Compiling module xil_defaultlib.preamble_correlator
Compiling module xil_defaultlib.frame_sync_detector(THRESHOLD=50...
Compiling module xil_defaultlib.qpsk_frame_sync_top(SYNC_THRESHO...
Compiling module xil_defaultlib.tb_qpsk_frame_sync_top
Compiling module xil_defaultlib.glbl
Built simulation snapshot tb_qpsk_frame_sync_top_behav
