Time resolution is 1 ps

========================================
QPSK Frame Sync System Test
========================================

Test 1: Sending frame with 20 payload symbols
[715000] TX: Starting Frame #1 with 20 payload symbols
[1405000] RX Symbol #0: I=602112000, Q=602112000
[2245000] RX Symbol #1: I=2906424000, Q=2906424000
[3085000] RX Symbol #2: I=-5973852000, Q=-7178076000
[3925000] RX Symbol #3: I=-7330884000, Q=-11939508000
[4765000] RX Symbol #4: I=59083296000, Q=78048072000
[4805000] RX: *** SYNC FOUND #1 *** Index=4, Mag=8826880331
[5605000] RX Symbol #5: I=-117660720000, Q=-112746480000
[5645000] RX: *** SYNC FOUND #2 *** Index=5, Mag=100123778280
[6445000] RX Symbol #6: I=-61287696000, Q=-221093856000
[6485000] RX: *** SYNC FOUND #3 *** Index=6, Mag=43107182228
[7285000] RX Symbol #7: I=-251419992000, Q=138487752000
[7325000] RX: *** SYNC FOUND #4 *** Index=7, Mag=2023078263096
[8125000] RX Symbol #8: I=168117900000, Q=200228868000
[8165000] RX: *** SYNC FOUND #5 *** Index=8, Mag=2456204037939
[8965000] RX Symbol #9: I=191835288000, Q=-127978272000
[9005000] RX: *** SYNC FOUND #6 *** Index=9, Mag=3397092162970
[9805000] RX Symbol #10: I=42634044756000, Q=42727562892000
[9845000] RX: *** SYNC FOUND #7 *** Index=10, Mag=1888126954984
[10645000] RX Symbol #11: I=43285342200000, Q=43078139208000
[10685000] RX: *** SYNC FOUND #8 *** Index=11, Mag=56351611520843295
[11485000] RX Symbol #12: I=42733207980000, Q=-42715543572000
[11525000] RX: *** SYNC FOUND #9 *** Index=12, Mag=230899444318156597
[12325000] RX Symbol #13: I=-43140332412000, Q=-43239845580000
[12365000] RX: *** SYNC FOUND #10 *** Index=13, Mag=58537781457685525
[13165000] RX Symbol #14: I=-42743549628000, Q=43137311052000
[13205000] RX: *** SYNC FOUND #11 *** Index=14, Mag=229752366718036937
[14005000] RX Symbol #15: I=42944548356000, Q=42974917452000
[14045000] RX: *** SYNC FOUND #12 *** Index=15, Mag=60056068307062602
[14845000] RX Symbol #16: I=-43258824672000, Q=-43205054784000
[14885000] RX: *** SYNC FOUND #13 *** Index=16, Mag=230902383303572138
[15685000] RX Symbol #17: I=42974307432000, Q=-42796484520000
[15725000] RX: *** SYNC FOUND #14 *** Index=17, Mag=54580496302390022
[16525000] RX Symbol #18: I=43273763892000, Q=42809540916000
[16565000] RX: *** SYNC FOUND #15 *** Index=18, Mag=235548641520796981
[17365000] RX Symbol #19: I=-42873641892000, Q=-42820509684000
[17405000] RX: *** SYNC FOUND #16 *** Index=19, Mag=55872546471749307
[18245000] RX: *** SYNC FOUND #17 *** Index=20, Mag=937483143189518942
[19085000] RX: *** SYNC FOUND #18 *** Index=21, Mag=518567803900509343
[19925000] RX: *** SYNC FOUND #19 *** Index=22, Mag=2101363729033422109
[20765000] RX: *** SYNC FOUND #20 *** Index=23, Mag=1450181771967200082
[21605000] RX: *** SYNC FOUND #21 *** Index=24, Mag=926825826494159206
[22445000] RX: *** SYNC FOUND #22 *** Index=25, Mag=2847089855713512715
[23285000] RX: *** SYNC FOUND #23 *** Index=26, Mag=8815527199285
[24125000] RX: *** SYNC FOUND #24 *** Index=27, Mag=7061505725644528753
[24965000] RX: *** SYNC FOUND #25 *** Index=28, Mag=462458416857927808
[25805000] RX: *** SYNC FOUND #26 *** Index=29, Mag=1159026348914276977
[26645000] RX: *** SYNC FOUND #27 *** Index=30, Mag=931276267472663428
[27485000] RX: *** SYNC FOUND #28 *** Index=31, Mag=227562225353774855
[28325000] RX: *** SYNC FOUND #29 *** Index=32, Mag=1173700483979734466
[29165000] RX: *** SYNC FOUND #30 *** Index=33, Mag=906235115125906225

Test 2: Sending 3 consecutive frames
[29465000] TX: Starting Frame #2 with 15 payload symbols
[30005000] RX: *** SYNC FOUND #31 *** Index=34, Mag=463625768393856131
[30845000] RX: *** SYNC FOUND #32 *** Index=35, Mag=574389336520795873
[31685000] RX: *** SYNC FOUND #33 *** Index=36, Mag=919359138865131318
[32525000] RX: *** SYNC FOUND #34 *** Index=37, Mag=570601805842793382
[33365000] RX: *** SYNC FOUND #35 *** Index=38, Mag=461375212989346555
[34205000] RX: *** SYNC FOUND #36 *** Index=39, Mag=115637390516124449
[35045000] RX: *** SYNC FOUND #37 *** Index=40, Mag=1967854022879729219
[35885000] RX: *** SYNC FOUND #38 *** Index=41, Mag=237015752316754257
[36725000] RX: *** SYNC FOUND #39 *** Index=42, Mag=11275491666221
[37565000] RX: *** SYNC FOUND #40 *** Index=43, Mag=571986374201377287
[38405000] RX: *** SYNC FOUND #41 *** Index=44, Mag=233242393675900772
[39245000] RX: *** SYNC FOUND #42 *** Index=45, Mag=1147024448347181457
[40085000] RX: *** SYNC FOUND #43 *** Index=46, Mag=586088924939394234
[40925000] RX: *** SYNC FOUND #44 *** Index=47, Mag=1851995017416655669
[41765000] RX: *** SYNC FOUND #45 *** Index=48, Mag=1153635303772000807
[42605000] RX: *** SYNC FOUND #46 *** Index=49, Mag=578822609655715657
[43405000] RX Symbol #50: I=-43021915116000, Q=43392408756000
[43445000] RX: *** SYNC FOUND #47 *** Index=50, Mag=917266127623619823
[44285000] RX: *** SYNC FOUND #48 *** Index=51, Mag=1153115198748084321
[45125000] RX: *** SYNC FOUND #49 *** Index=52, Mag=579396107504747028
[45965000] RX: *** SYNC FOUND #50 *** Index=53, Mag=1151877179842594322
[46805000] RX: *** SYNC FOUND #51 *** Index=54, Mag=231368834300464215
[47645000] RX: *** SYNC FOUND #52 *** Index=55, Mag=235380301733578383
[48485000] RX: *** SYNC FOUND #53 *** Index=56, Mag=587093881207980598
[49325000] RX: *** SYNC FOUND #54 *** Index=57, Mag=566966415895956230
[50165000] RX: *** SYNC FOUND #55 *** Index=58, Mag=1520713784464604056
[51005000] RX: *** SYNC FOUND #56 *** Index=59, Mag=229495606329631628
[51845000] RX: *** SYNC FOUND #57 *** Index=60, Mag=1507983319016854754
[52685000] RX: *** SYNC FOUND #58 *** Index=61, Mag=2899432231101024076
[53525000] RX: *** SYNC FOUND #59 *** Index=62, Mag=23281392046775
[54365000] RX: *** SYNC FOUND #60 *** Index=63, Mag=7046145540445061363
INFO: xsimkernel Simulation Memory Usage: 276196 KB (Peak: 325268 KB), Simulation CPU Usage: 19430 ms
